PrevoÄ‘enje izvorne datoteke: C:\MJCompiler\test\test_syn.mj
